[46260:39792:0508/221530.405:INFO:components\enterprise\browser\controller\chrome_browser_cloud_management_controller.cc:238] No machine level policy manager exists.
[41348:41664:0508/221530.575:INFO:third_party\webrtc\rtc_base\cpu_info.cc:77] Available number of cores: 32
[50636:9648:0508/221530.576:INFO:third_party\webrtc\rtc_base\cpu_info.cc:77] Available number of cores: 32
[52352:52196:0508/221530.874:INFO:third_party\webrtc\rtc_base\cpu_info.cc:77] Available number of cores: 32
[35448:51092:0508/221531.702:VERBOSE1:components\viz\service\main\viz_main_impl.cc:86] VizNullHypothesis is disabled (not a warning)
[46260:46736:0508/221544.839:ERROR:google_apis\gcm\engine\registration_request.cc:291] Registration response error message: DEPRECATED_ENDPOINT
[13684:42568:0508/221603.639:INFO:third_party\webrtc\rtc_base\cpu_info.cc:77] Available number of cores: 32
[46260:39792:0508/221603.863:INFO:CONSOLE:0] "Autofocus processing was blocked because a document already has a focused element.", source: devtools://devtools/bundled/devtools_app.html?remoteBase=https://chrome-devtools-frontend.appspot.com/serve_file/@022a5605792996d967e05acda7091c2bd9b915db/&targetType=tab&can_dock=true&hasOtherClients=true (0)
[46260:39792:0508/221604.585:WARNING:CONSOLE:4] "No handler registered for issue code PerformanceIssue", source: devtools://devtools/bundled/models/issues_manager/issues_manager.js (4)
[46260:39792:0508/221604.585:WARNING:CONSOLE:4] "No handler registered for issue code PerformanceIssue", source: devtools://devtools/bundled/models/issues_manager/issues_manager.js (4)
[46260:39792:0508/221604.585:WARNING:CONSOLE:4] "No handler registered for issue code PerformanceIssue", source: devtools://devtools/bundled/models/issues_manager/issues_manager.js (4)
[46260:39792:0508/221604.585:WARNING:CONSOLE:4] "No handler registered for issue code PerformanceIssue", source: devtools://devtools/bundled/models/issues_manager/issues_manager.js (4)
[46260:39792:0508/221604.585:WARNING:CONSOLE:4] "No handler registered for issue code PerformanceIssue", source: devtools://devtools/bundled/models/issues_manager/issues_manager.js (4)
[46260:39792:0508/221604.585:WARNING:CONSOLE:4] "No handler registered for issue code PerformanceIssue", source: devtools://devtools/bundled/models/issues_manager/issues_manager.js (4)
[46260:39792:0508/221604.585:WARNING:CONSOLE:4] "No handler registered for issue code PerformanceIssue", source: devtools://devtools/bundled/models/issues_manager/issues_manager.js (4)
[46260:39792:0508/221604.585:WARNING:CONSOLE:4] "No handler registered for issue code PerformanceIssue", source: devtools://devtools/bundled/models/issues_manager/issues_manager.js (4)
[46260:39792:0508/221604.585:WARNING:CONSOLE:4] "No handler registered for issue code PerformanceIssue", source: devtools://devtools/bundled/models/issues_manager/issues_manager.js (4)
[46260:39792:0508/221604.585:WARNING:CONSOLE:4] "No handler registered for issue code PerformanceIssue", source: devtools://devtools/bundled/models/issues_manager/issues_manager.js (4)
[46260:39792:0508/221604.585:WARNING:CONSOLE:4] "No handler registered for issue code PerformanceIssue", source: devtools://devtools/bundled/models/issues_manager/issues_manager.js (4)
[46260:39792:0508/221604.585:WARNING:CONSOLE:4] "No handler registered for issue code PerformanceIssue", source: devtools://devtools/bundled/models/issues_manager/issues_manager.js (4)
[46260:39792:0508/221604.585:WARNING:CONSOLE:4] "No handler registered for issue code PerformanceIssue", source: devtools://devtools/bundled/models/issues_manager/issues_manager.js (4)
[46260:39792:0508/221604.585:WARNING:CONSOLE:4] "No handler registered for issue code PerformanceIssue", source: devtools://devtools/bundled/models/issues_manager/issues_manager.js (4)
[46260:39792:0508/221604.585:WARNING:CONSOLE:4] "No handler registered for issue code PerformanceIssue", source: devtools://devtools/bundled/models/issues_manager/issues_manager.js (4)
[46260:39792:0508/221604.585:WARNING:CONSOLE:4] "No handler registered for issue code PerformanceIssue", source: devtools://devtools/bundled/models/issues_manager/issues_manager.js (4)
[46260:39792:0508/221604.585:WARNING:CONSOLE:4] "No handler registered for issue code PerformanceIssue", source: devtools://devtools/bundled/models/issues_manager/issues_manager.js (4)
[46260:39792:0508/221604.585:WARNING:CONSOLE:4] "No handler registered for issue code PerformanceIssue", source: devtools://devtools/bundled/models/issues_manager/issues_manager.js (4)
[46260:39792:0508/221604.585:WARNING:CONSOLE:4] "No handler registered for issue code PerformanceIssue", source: devtools://devtools/bundled/models/issues_manager/issues_manager.js (4)
[46260:39792:0508/221604.585:WARNING:CONSOLE:4] "No handler registered for issue code PerformanceIssue", source: devtools://devtools/bundled/models/issues_manager/issues_manager.js (4)
[35448:46568:0508/221605.861:WARNING:ui\gl\angle_platform_impl.cc:52] HLSLCompiler.cpp:254 (rx::HLSLCompiler::compileToBinary): 
C:\fakepath(197,3-70): warning X3557: loop only executes for 1 iteration(s), forcing loop to unroll

[46260:39792:0508/221607.159:WARNING:CONSOLE:4] "No handler registered for issue code PerformanceIssue", source: devtools://devtools/bundled/models/issues_manager/issues_manager.js (4)
[46260:39792:0508/221607.159:WARNING:CONSOLE:4] "No handler registered for issue code PerformanceIssue", source: devtools://devtools/bundled/models/issues_manager/issues_manager.js (4)
[46260:39792:0508/221607.399:WARNING:CONSOLE:4] "No handler registered for issue code PerformanceIssue", source: devtools://devtools/bundled/models/issues_manager/issues_manager.js (4)
[46260:39792:0508/221607.399:WARNING:CONSOLE:4] "No handler registered for issue code PerformanceIssue", source: devtools://devtools/bundled/models/issues_manager/issues_manager.js (4)
[46260:39792:0508/221607.399:WARNING:CONSOLE:4] "No handler registered for issue code PerformanceIssue", source: devtools://devtools/bundled/models/issues_manager/issues_manager.js (4)
[46260:39792:0508/221607.793:WARNING:CONSOLE:4] "No handler registered for issue code PerformanceIssue", source: devtools://devtools/bundled/models/issues_manager/issues_manager.js (4)
[46260:39792:0508/221607.794:WARNING:CONSOLE:4] "No handler registered for issue code PerformanceIssue", source: devtools://devtools/bundled/models/issues_manager/issues_manager.js (4)
[46260:39792:0508/221607.794:WARNING:CONSOLE:4] "No handler registered for issue code PerformanceIssue", source: devtools://devtools/bundled/models/issues_manager/issues_manager.js (4)
[46260:39792:0508/221607.794:WARNING:CONSOLE:4] "No handler registered for issue code PerformanceIssue", source: devtools://devtools/bundled/models/issues_manager/issues_manager.js (4)
[46260:39792:0508/221607.796:WARNING:CONSOLE:4] "No handler registered for issue code PerformanceIssue", source: devtools://devtools/bundled/models/issues_manager/issues_manager.js (4)
[46260:39792:0508/221607.796:WARNING:CONSOLE:4] "No handler registered for issue code PerformanceIssue", source: devtools://devtools/bundled/models/issues_manager/issues_manager.js (4)
[46260:39792:0508/221607.796:WARNING:CONSOLE:4] "No handler registered for issue code PerformanceIssue", source: devtools://devtools/bundled/models/issues_manager/issues_manager.js (4)
[46260:39792:0508/221607.796:WARNING:CONSOLE:4] "No handler registered for issue code PerformanceIssue", source: devtools://devtools/bundled/models/issues_manager/issues_manager.js (4)
[46260:39792:0508/221607.959:WARNING:CONSOLE:4] "No handler registered for issue code PerformanceIssue", source: devtools://devtools/bundled/models/issues_manager/issues_manager.js (4)
[46260:39792:0508/221607.960:WARNING:CONSOLE:4] "No handler registered for issue code PerformanceIssue", source: devtools://devtools/bundled/models/issues_manager/issues_manager.js (4)
[46260:39792:0508/221607.960:WARNING:CONSOLE:4] "No handler registered for issue code PerformanceIssue", source: devtools://devtools/bundled/models/issues_manager/issues_manager.js (4)
[46260:39792:0508/221607.961:WARNING:CONSOLE:4] "No handler registered for issue code PerformanceIssue", source: devtools://devtools/bundled/models/issues_manager/issues_manager.js (4)
[46260:39792:0508/221607.963:WARNING:CONSOLE:4] "No handler registered for issue code PerformanceIssue", source: devtools://devtools/bundled/models/issues_manager/issues_manager.js (4)
[46260:39792:0508/221607.963:WARNING:CONSOLE:4] "No handler registered for issue code PerformanceIssue", source: devtools://devtools/bundled/models/issues_manager/issues_manager.js (4)
[46260:39792:0508/221607.963:WARNING:CONSOLE:4] "No handler registered for issue code PerformanceIssue", source: devtools://devtools/bundled/models/issues_manager/issues_manager.js (4)
[46260:39792:0508/221607.963:WARNING:CONSOLE:4] "No handler registered for issue code PerformanceIssue", source: devtools://devtools/bundled/models/issues_manager/issues_manager.js (4)
[46260:39792:0508/221607.964:WARNING:CONSOLE:4] "No handler registered for issue code PerformanceIssue", source: devtools://devtools/bundled/models/issues_manager/issues_manager.js (4)
[46260:39792:0508/221607.965:WARNING:CONSOLE:4] "No handler registered for issue code PerformanceIssue", source: devtools://devtools/bundled/models/issues_manager/issues_manager.js (4)
[46260:39792:0508/221607.965:WARNING:CONSOLE:4] "No handler registered for issue code PerformanceIssue", source: devtools://devtools/bundled/models/issues_manager/issues_manager.js (4)
[46260:39792:0508/221607.965:WARNING:CONSOLE:4] "No handler registered for issue code PerformanceIssue", source: devtools://devtools/bundled/models/issues_manager/issues_manager.js (4)
[46260:39792:0508/221607.991:WARNING:CONSOLE:4] "No handler registered for issue code PerformanceIssue", source: devtools://devtools/bundled/models/issues_manager/issues_manager.js (4)
[46260:46736:0508/221610.016:ERROR:google_apis\gcm\engine\registration_request.cc:291] Registration response error message: DEPRECATED_ENDPOINT
[46260:39792:0508/221610.286:WARNING:CONSOLE:4] "No handler registered for issue code PerformanceIssue", source: devtools://devtools/bundled/models/issues_manager/issues_manager.js (4)
[46260:39792:0508/221610.286:WARNING:CONSOLE:4] "No handler registered for issue code PerformanceIssue", source: devtools://devtools/bundled/models/issues_manager/issues_manager.js (4)
[46260:39792:0508/221610.296:WARNING:CONSOLE:4] "No handler registered for issue code PerformanceIssue", source: devtools://devtools/bundled/models/issues_manager/issues_manager.js (4)
[46260:39792:0508/221610.297:WARNING:CONSOLE:4] "No handler registered for issue code PerformanceIssue", source: devtools://devtools/bundled/models/issues_manager/issues_manager.js (4)
[46260:39792:0508/221610.297:WARNING:CONSOLE:4] "No handler registered for issue code PerformanceIssue", source: devtools://devtools/bundled/models/issues_manager/issues_manager.js (4)
[46260:39792:0508/221610.297:WARNING:CONSOLE:4] "No handler registered for issue code PerformanceIssue", source: devtools://devtools/bundled/models/issues_manager/issues_manager.js (4)
[46260:39792:0508/221610.301:WARNING:CONSOLE:4] "No handler registered for issue code PerformanceIssue", source: devtools://devtools/bundled/models/issues_manager/issues_manager.js (4)
[46260:39792:0508/221610.302:WARNING:CONSOLE:4] "No handler registered for issue code PerformanceIssue", source: devtools://devtools/bundled/models/issues_manager/issues_manager.js (4)
[46260:39792:0508/221610.302:WARNING:CONSOLE:4] "No handler registered for issue code PerformanceIssue", source: devtools://devtools/bundled/models/issues_manager/issues_manager.js (4)
[46260:39792:0508/221610.302:WARNING:CONSOLE:4] "No handler registered for issue code PerformanceIssue", source: devtools://devtools/bundled/models/issues_manager/issues_manager.js (4)
[46260:39792:0508/221610.302:WARNING:CONSOLE:4] "No handler registered for issue code PerformanceIssue", source: devtools://devtools/bundled/models/issues_manager/issues_manager.js (4)
[46260:39792:0508/221610.302:WARNING:CONSOLE:4] "No handler registered for issue code PerformanceIssue", source: devtools://devtools/bundled/models/issues_manager/issues_manager.js (4)
[46260:39792:0508/221610.347:WARNING:CONSOLE:4] "No handler registered for issue code PerformanceIssue", source: devtools://devtools/bundled/models/issues_manager/issues_manager.js (4)
[46260:39792:0508/221610.359:WARNING:CONSOLE:4] "No handler registered for issue code PerformanceIssue", source: devtools://devtools/bundled/models/issues_manager/issues_manager.js (4)
[46260:39792:0508/221610.359:WARNING:CONSOLE:4] "No handler registered for issue code PerformanceIssue", source: devtools://devtools/bundled/models/issues_manager/issues_manager.js (4)
[46260:39792:0508/221610.359:WARNING:CONSOLE:4] "No handler registered for issue code PerformanceIssue", source: devtools://devtools/bundled/models/issues_manager/issues_manager.js (4)
[46260:39792:0508/221610.359:WARNING:CONSOLE:4] "No handler registered for issue code PerformanceIssue", source: devtools://devtools/bundled/models/issues_manager/issues_manager.js (4)
[46260:39792:0508/221610.359:WARNING:CONSOLE:4] "No handler registered for issue code PerformanceIssue", source: devtools://devtools/bundled/models/issues_manager/issues_manager.js (4)
[46260:39792:0508/221610.359:WARNING:CONSOLE:4] "No handler registered for issue code PerformanceIssue", source: devtools://devtools/bundled/models/issues_manager/issues_manager.js (4)
[46260:39792:0508/221610.359:WARNING:CONSOLE:4] "No handler registered for issue code PerformanceIssue", source: devtools://devtools/bundled/models/issues_manager/issues_manager.js (4)
[46260:39792:0508/221618.824:WARNING:CONSOLE:4] "No handler registered for issue code PerformanceIssue", source: devtools://devtools/bundled/models/issues_manager/issues_manager.js (4)
[46260:39792:0508/221618.824:WARNING:CONSOLE:4] "No handler registered for issue code PerformanceIssue", source: devtools://devtools/bundled/models/issues_manager/issues_manager.js (4)
[46260:39792:0508/221619.067:WARNING:CONSOLE:4] "No handler registered for issue code PerformanceIssue", source: devtools://devtools/bundled/models/issues_manager/issues_manager.js (4)
[46260:39792:0508/221619.067:WARNING:CONSOLE:4] "No handler registered for issue code PerformanceIssue", source: devtools://devtools/bundled/models/issues_manager/issues_manager.js (4)
[46260:39792:0508/221619.069:WARNING:CONSOLE:4] "No handler registered for issue code PerformanceIssue", source: devtools://devtools/bundled/models/issues_manager/issues_manager.js (4)
[46260:39792:0508/221619.441:WARNING:CONSOLE:4] "No handler registered for issue code PerformanceIssue", source: devtools://devtools/bundled/models/issues_manager/issues_manager.js (4)
[46260:39792:0508/221619.441:WARNING:CONSOLE:4] "No handler registered for issue code PerformanceIssue", source: devtools://devtools/bundled/models/issues_manager/issues_manager.js (4)
[46260:39792:0508/221619.441:WARNING:CONSOLE:4] "No handler registered for issue code PerformanceIssue", source: devtools://devtools/bundled/models/issues_manager/issues_manager.js (4)
[46260:39792:0508/221619.442:WARNING:CONSOLE:4] "No handler registered for issue code PerformanceIssue", source: devtools://devtools/bundled/models/issues_manager/issues_manager.js (4)
[46260:39792:0508/221619.446:WARNING:CONSOLE:4] "No handler registered for issue code PerformanceIssue", source: devtools://devtools/bundled/models/issues_manager/issues_manager.js (4)
[46260:39792:0508/221619.446:WARNING:CONSOLE:4] "No handler registered for issue code PerformanceIssue", source: devtools://devtools/bundled/models/issues_manager/issues_manager.js (4)
[46260:39792:0508/221619.447:WARNING:CONSOLE:4] "No handler registered for issue code PerformanceIssue", source: devtools://devtools/bundled/models/issues_manager/issues_manager.js (4)
[46260:39792:0508/221619.447:WARNING:CONSOLE:4] "No handler registered for issue code PerformanceIssue", source: devtools://devtools/bundled/models/issues_manager/issues_manager.js (4)
[46260:39792:0508/221619.617:WARNING:CONSOLE:4] "No handler registered for issue code PerformanceIssue", source: devtools://devtools/bundled/models/issues_manager/issues_manager.js (4)
[46260:39792:0508/221619.617:WARNING:CONSOLE:4] "No handler registered for issue code PerformanceIssue", source: devtools://devtools/bundled/models/issues_manager/issues_manager.js (4)
[46260:39792:0508/221619.617:WARNING:CONSOLE:4] "No handler registered for issue code PerformanceIssue", source: devtools://devtools/bundled/models/issues_manager/issues_manager.js (4)
[46260:39792:0508/221619.617:WARNING:CONSOLE:4] "No handler registered for issue code PerformanceIssue", source: devtools://devtools/bundled/models/issues_manager/issues_manager.js (4)
[46260:39792:0508/221619.617:WARNING:CONSOLE:4] "No handler registered for issue code PerformanceIssue", source: devtools://devtools/bundled/models/issues_manager/issues_manager.js (4)
[46260:39792:0508/221619.617:WARNING:CONSOLE:4] "No handler registered for issue code PerformanceIssue", source: devtools://devtools/bundled/models/issues_manager/issues_manager.js (4)
[46260:39792:0508/221619.618:WARNING:CONSOLE:4] "No handler registered for issue code PerformanceIssue", source: devtools://devtools/bundled/models/issues_manager/issues_manager.js (4)
[46260:39792:0508/221619.618:WARNING:CONSOLE:4] "No handler registered for issue code PerformanceIssue", source: devtools://devtools/bundled/models/issues_manager/issues_manager.js (4)
[46260:39792:0508/221619.619:WARNING:CONSOLE:4] "No handler registered for issue code PerformanceIssue", source: devtools://devtools/bundled/models/issues_manager/issues_manager.js (4)
[46260:39792:0508/221619.620:WARNING:CONSOLE:4] "No handler registered for issue code PerformanceIssue", source: devtools://devtools/bundled/models/issues_manager/issues_manager.js (4)
[46260:39792:0508/221619.620:WARNING:CONSOLE:4] "No handler registered for issue code PerformanceIssue", source: devtools://devtools/bundled/models/issues_manager/issues_manager.js (4)
[46260:39792:0508/221619.620:WARNING:CONSOLE:4] "No handler registered for issue code PerformanceIssue", source: devtools://devtools/bundled/models/issues_manager/issues_manager.js (4)
[46260:39792:0508/221619.723:WARNING:CONSOLE:4] "No handler registered for issue code PerformanceIssue", source: devtools://devtools/bundled/models/issues_manager/issues_manager.js (4)
[46260:39792:0508/221621.573:WARNING:CONSOLE:4] "No handler registered for issue code PerformanceIssue", source: devtools://devtools/bundled/models/issues_manager/issues_manager.js (4)
[46260:39792:0508/221621.573:WARNING:CONSOLE:4] "No handler registered for issue code PerformanceIssue", source: devtools://devtools/bundled/models/issues_manager/issues_manager.js (4)
[46260:39792:0508/221621.587:WARNING:CONSOLE:4] "No handler registered for issue code PerformanceIssue", source: devtools://devtools/bundled/models/issues_manager/issues_manager.js (4)
[46260:39792:0508/221621.587:WARNING:CONSOLE:4] "No handler registered for issue code PerformanceIssue", source: devtools://devtools/bundled/models/issues_manager/issues_manager.js (4)
[46260:39792:0508/221621.587:WARNING:CONSOLE:4] "No handler registered for issue code PerformanceIssue", source: devtools://devtools/bundled/models/issues_manager/issues_manager.js (4)
[46260:39792:0508/221621.587:WARNING:CONSOLE:4] "No handler registered for issue code PerformanceIssue", source: devtools://devtools/bundled/models/issues_manager/issues_manager.js (4)
[46260:39792:0508/221621.591:WARNING:CONSOLE:4] "No handler registered for issue code PerformanceIssue", source: devtools://devtools/bundled/models/issues_manager/issues_manager.js (4)
[46260:39792:0508/221621.591:WARNING:CONSOLE:4] "No handler registered for issue code PerformanceIssue", source: devtools://devtools/bundled/models/issues_manager/issues_manager.js (4)
[46260:39792:0508/221621.591:WARNING:CONSOLE:4] "No handler registered for issue code PerformanceIssue", source: devtools://devtools/bundled/models/issues_manager/issues_manager.js (4)
[46260:39792:0508/221621.591:WARNING:CONSOLE:4] "No handler registered for issue code PerformanceIssue", source: devtools://devtools/bundled/models/issues_manager/issues_manager.js (4)
[46260:39792:0508/221621.592:WARNING:CONSOLE:4] "No handler registered for issue code PerformanceIssue", source: devtools://devtools/bundled/models/issues_manager/issues_manager.js (4)
[46260:39792:0508/221621.592:WARNING:CONSOLE:4] "No handler registered for issue code PerformanceIssue", source: devtools://devtools/bundled/models/issues_manager/issues_manager.js (4)
[46260:39792:0508/221621.637:WARNING:CONSOLE:4] "No handler registered for issue code PerformanceIssue", source: devtools://devtools/bundled/models/issues_manager/issues_manager.js (4)
[46260:39792:0508/221621.643:WARNING:CONSOLE:4] "No handler registered for issue code PerformanceIssue", source: devtools://devtools/bundled/models/issues_manager/issues_manager.js (4)
[46260:39792:0508/221621.644:WARNING:CONSOLE:4] "No handler registered for issue code PerformanceIssue", source: devtools://devtools/bundled/models/issues_manager/issues_manager.js (4)
[46260:39792:0508/221621.644:WARNING:CONSOLE:4] "No handler registered for issue code PerformanceIssue", source: devtools://devtools/bundled/models/issues_manager/issues_manager.js (4)
[46260:39792:0508/221621.644:WARNING:CONSOLE:4] "No handler registered for issue code PerformanceIssue", source: devtools://devtools/bundled/models/issues_manager/issues_manager.js (4)
[46260:39792:0508/221621.644:WARNING:CONSOLE:4] "No handler registered for issue code PerformanceIssue", source: devtools://devtools/bundled/models/issues_manager/issues_manager.js (4)
[46260:39792:0508/221621.644:WARNING:CONSOLE:4] "No handler registered for issue code PerformanceIssue", source: devtools://devtools/bundled/models/issues_manager/issues_manager.js (4)
[46260:39792:0508/221621.645:WARNING:CONSOLE:4] "No handler registered for issue code PerformanceIssue", source: devtools://devtools/bundled/models/issues_manager/issues_manager.js (4)
[46260:39792:0508/221627.791:WARNING:CONSOLE:4] "No handler registered for issue code PerformanceIssue", source: devtools://devtools/bundled/models/issues_manager/issues_manager.js (4)
[46260:39792:0508/221627.791:WARNING:CONSOLE:4] "No handler registered for issue code PerformanceIssue", source: devtools://devtools/bundled/models/issues_manager/issues_manager.js (4)
[46260:39792:0508/221628.021:WARNING:CONSOLE:4] "No handler registered for issue code PerformanceIssue", source: devtools://devtools/bundled/models/issues_manager/issues_manager.js (4)
[46260:39792:0508/221628.021:WARNING:CONSOLE:4] "No handler registered for issue code PerformanceIssue", source: devtools://devtools/bundled/models/issues_manager/issues_manager.js (4)
[46260:39792:0508/221628.022:WARNING:CONSOLE:4] "No handler registered for issue code PerformanceIssue", source: devtools://devtools/bundled/models/issues_manager/issues_manager.js (4)
[46260:39792:0508/221628.376:WARNING:CONSOLE:4] "No handler registered for issue code PerformanceIssue", source: devtools://devtools/bundled/models/issues_manager/issues_manager.js (4)
[46260:39792:0508/221628.377:WARNING:CONSOLE:4] "No handler registered for issue code PerformanceIssue", source: devtools://devtools/bundled/models/issues_manager/issues_manager.js (4)
[46260:39792:0508/221628.377:WARNING:CONSOLE:4] "No handler registered for issue code PerformanceIssue", source: devtools://devtools/bundled/models/issues_manager/issues_manager.js (4)
[46260:39792:0508/221628.377:WARNING:CONSOLE:4] "No handler registered for issue code PerformanceIssue", source: devtools://devtools/bundled/models/issues_manager/issues_manager.js (4)
[46260:39792:0508/221628.381:WARNING:CONSOLE:4] "No handler registered for issue code PerformanceIssue", source: devtools://devtools/bundled/models/issues_manager/issues_manager.js (4)
[46260:39792:0508/221628.381:WARNING:CONSOLE:4] "No handler registered for issue code PerformanceIssue", source: devtools://devtools/bundled/models/issues_manager/issues_manager.js (4)
[46260:39792:0508/221628.383:WARNING:CONSOLE:4] "No handler registered for issue code PerformanceIssue", source: devtools://devtools/bundled/models/issues_manager/issues_manager.js (4)
[46260:39792:0508/221628.383:WARNING:CONSOLE:4] "No handler registered for issue code PerformanceIssue", source: devtools://devtools/bundled/models/issues_manager/issues_manager.js (4)
[46260:39792:0508/221628.532:WARNING:CONSOLE:4] "No handler registered for issue code PerformanceIssue", source: devtools://devtools/bundled/models/issues_manager/issues_manager.js (4)
[46260:39792:0508/221628.563:WARNING:CONSOLE:4] "No handler registered for issue code PerformanceIssue", source: devtools://devtools/bundled/models/issues_manager/issues_manager.js (4)
[46260:39792:0508/221628.563:WARNING:CONSOLE:4] "No handler registered for issue code PerformanceIssue", source: devtools://devtools/bundled/models/issues_manager/issues_manager.js (4)
[46260:39792:0508/221628.563:WARNING:CONSOLE:4] "No handler registered for issue code PerformanceIssue", source: devtools://devtools/bundled/models/issues_manager/issues_manager.js (4)
[46260:39792:0508/221628.563:WARNING:CONSOLE:4] "No handler registered for issue code PerformanceIssue", source: devtools://devtools/bundled/models/issues_manager/issues_manager.js (4)
[46260:39792:0508/221628.567:WARNING:CONSOLE:4] "No handler registered for issue code PerformanceIssue", source: devtools://devtools/bundled/models/issues_manager/issues_manager.js (4)
[46260:39792:0508/221628.567:WARNING:CONSOLE:4] "No handler registered for issue code PerformanceIssue", source: devtools://devtools/bundled/models/issues_manager/issues_manager.js (4)
[46260:39792:0508/221628.567:WARNING:CONSOLE:4] "No handler registered for issue code PerformanceIssue", source: devtools://devtools/bundled/models/issues_manager/issues_manager.js (4)
[46260:39792:0508/221628.567:WARNING:CONSOLE:4] "No handler registered for issue code PerformanceIssue", source: devtools://devtools/bundled/models/issues_manager/issues_manager.js (4)
[46260:39792:0508/221628.571:WARNING:CONSOLE:4] "No handler registered for issue code PerformanceIssue", source: devtools://devtools/bundled/models/issues_manager/issues_manager.js (4)
[46260:39792:0508/221628.571:WARNING:CONSOLE:4] "No handler registered for issue code PerformanceIssue", source: devtools://devtools/bundled/models/issues_manager/issues_manager.js (4)
[46260:39792:0508/221628.571:WARNING:CONSOLE:4] "No handler registered for issue code PerformanceIssue", source: devtools://devtools/bundled/models/issues_manager/issues_manager.js (4)
[46260:39792:0508/221628.571:WARNING:CONSOLE:4] "No handler registered for issue code PerformanceIssue", source: devtools://devtools/bundled/models/issues_manager/issues_manager.js (4)
[46260:39792:0508/221628.589:WARNING:CONSOLE:4] "No handler registered for issue code PerformanceIssue", source: devtools://devtools/bundled/models/issues_manager/issues_manager.js (4)
[46260:39792:0508/221632.674:WARNING:CONSOLE:4] "No handler registered for issue code PerformanceIssue", source: devtools://devtools/bundled/models/issues_manager/issues_manager.js (4)
[46260:39792:0508/221632.675:WARNING:CONSOLE:4] "No handler registered for issue code PerformanceIssue", source: devtools://devtools/bundled/models/issues_manager/issues_manager.js (4)
[46260:39792:0508/221632.689:WARNING:CONSOLE:4] "No handler registered for issue code PerformanceIssue", source: devtools://devtools/bundled/models/issues_manager/issues_manager.js (4)
[46260:39792:0508/221632.689:WARNING:CONSOLE:4] "No handler registered for issue code PerformanceIssue", source: devtools://devtools/bundled/models/issues_manager/issues_manager.js (4)
[46260:39792:0508/221632.689:WARNING:CONSOLE:4] "No handler registered for issue code PerformanceIssue", source: devtools://devtools/bundled/models/issues_manager/issues_manager.js (4)
[46260:39792:0508/221632.690:WARNING:CONSOLE:4] "No handler registered for issue code PerformanceIssue", source: devtools://devtools/bundled/models/issues_manager/issues_manager.js (4)
[46260:39792:0508/221632.695:WARNING:CONSOLE:4] "No handler registered for issue code PerformanceIssue", source: devtools://devtools/bundled/models/issues_manager/issues_manager.js (4)
[46260:39792:0508/221632.695:WARNING:CONSOLE:4] "No handler registered for issue code PerformanceIssue", source: devtools://devtools/bundled/models/issues_manager/issues_manager.js (4)
[46260:39792:0508/221632.696:WARNING:CONSOLE:4] "No handler registered for issue code PerformanceIssue", source: devtools://devtools/bundled/models/issues_manager/issues_manager.js (4)
[46260:39792:0508/221632.696:WARNING:CONSOLE:4] "No handler registered for issue code PerformanceIssue", source: devtools://devtools/bundled/models/issues_manager/issues_manager.js (4)
[46260:39792:0508/221632.696:WARNING:CONSOLE:4] "No handler registered for issue code PerformanceIssue", source: devtools://devtools/bundled/models/issues_manager/issues_manager.js (4)
[46260:39792:0508/221632.696:WARNING:CONSOLE:4] "No handler registered for issue code PerformanceIssue", source: devtools://devtools/bundled/models/issues_manager/issues_manager.js (4)
[46260:39792:0508/221632.772:WARNING:CONSOLE:4] "No handler registered for issue code PerformanceIssue", source: devtools://devtools/bundled/models/issues_manager/issues_manager.js (4)
[46260:39792:0508/221632.777:WARNING:CONSOLE:4] "No handler registered for issue code PerformanceIssue", source: devtools://devtools/bundled/models/issues_manager/issues_manager.js (4)
[46260:39792:0508/221632.777:WARNING:CONSOLE:4] "No handler registered for issue code PerformanceIssue", source: devtools://devtools/bundled/models/issues_manager/issues_manager.js (4)
[46260:39792:0508/221632.777:WARNING:CONSOLE:4] "No handler registered for issue code PerformanceIssue", source: devtools://devtools/bundled/models/issues_manager/issues_manager.js (4)
[46260:39792:0508/221632.777:WARNING:CONSOLE:4] "No handler registered for issue code PerformanceIssue", source: devtools://devtools/bundled/models/issues_manager/issues_manager.js (4)
[46260:39792:0508/221632.777:WARNING:CONSOLE:4] "No handler registered for issue code PerformanceIssue", source: devtools://devtools/bundled/models/issues_manager/issues_manager.js (4)
[46260:39792:0508/221632.777:WARNING:CONSOLE:4] "No handler registered for issue code PerformanceIssue", source: devtools://devtools/bundled/models/issues_manager/issues_manager.js (4)
[46260:39792:0508/221632.777:WARNING:CONSOLE:4] "No handler registered for issue code PerformanceIssue", source: devtools://devtools/bundled/models/issues_manager/issues_manager.js (4)
[46260:39792:0508/221639.171:WARNING:CONSOLE:4] "No handler registered for issue code PerformanceIssue", source: devtools://devtools/bundled/models/issues_manager/issues_manager.js (4)
[46260:39792:0508/221639.171:WARNING:CONSOLE:4] "No handler registered for issue code PerformanceIssue", source: devtools://devtools/bundled/models/issues_manager/issues_manager.js (4)
[46260:39792:0508/221639.432:WARNING:CONSOLE:4] "No handler registered for issue code PerformanceIssue", source: devtools://devtools/bundled/models/issues_manager/issues_manager.js (4)
[46260:39792:0508/221639.432:WARNING:CONSOLE:4] "No handler registered for issue code PerformanceIssue", source: devtools://devtools/bundled/models/issues_manager/issues_manager.js (4)
[46260:39792:0508/221639.433:WARNING:CONSOLE:4] "No handler registered for issue code PerformanceIssue", source: devtools://devtools/bundled/models/issues_manager/issues_manager.js (4)
[46260:39792:0508/221640.045:WARNING:CONSOLE:4] "No handler registered for issue code PerformanceIssue", source: devtools://devtools/bundled/models/issues_manager/issues_manager.js (4)
[46260:46736:0508/221651.144:ERROR:google_apis\gcm\engine\registration_request.cc:291] Registration response error message: DEPRECATED_ENDPOINT
[46260:39792:0508/221709.441:WARNING:CONSOLE:4] "No handler registered for issue code PerformanceIssue", source: devtools://devtools/bundled/models/issues_manager/issues_manager.js (4)
[26032:49260:0508/221732.012:VERBOSE1:components\viz\service\main\viz_main_impl.cc:86] VizNullHypothesis is disabled (not a warning)
[46260:46736:0508/221812.831:ERROR:google_apis\gcm\engine\registration_request.cc:291] Registration response error message: DEPRECATED_ENDPOINT
[46260:39792:0508/221922.611:WARNING:CONSOLE:4] "No handler registered for issue code PerformanceIssue", source: devtools://devtools/bundled/models/issues_manager/issues_manager.js (4)
[46260:39792:0508/221922.997:WARNING:CONSOLE:4] "No handler registered for issue code PerformanceIssue", source: devtools://devtools/bundled/models/issues_manager/issues_manager.js (4)
[46260:46736:0508/222149.351:ERROR:google_apis\gcm\engine\registration_request.cc:291] Registration response error message: DEPRECATED_ENDPOINT
[46260:39792:0508/222212.611:WARNING:CONSOLE:4] "No handler registered for issue code PerformanceIssue", source: devtools://devtools/bundled/models/issues_manager/issues_manager.js (4)
[46260:39792:0508/222213.009:WARNING:CONSOLE:4] "No handler registered for issue code PerformanceIssue", source: devtools://devtools/bundled/models/issues_manager/issues_manager.js (4)
[46260:39792:0508/222502.624:WARNING:CONSOLE:4] "No handler registered for issue code PerformanceIssue", source: devtools://devtools/bundled/models/issues_manager/issues_manager.js (4)
[46260:39792:0508/222503.033:WARNING:CONSOLE:4] "No handler registered for issue code PerformanceIssue", source: devtools://devtools/bundled/models/issues_manager/issues_manager.js (4)
[46260:39792:0508/222752.619:WARNING:CONSOLE:4] "No handler registered for issue code PerformanceIssue", source: devtools://devtools/bundled/models/issues_manager/issues_manager.js (4)
[46260:39792:0508/222753.000:WARNING:CONSOLE:4] "No handler registered for issue code PerformanceIssue", source: devtools://devtools/bundled/models/issues_manager/issues_manager.js (4)
[46260:46736:0508/222837.377:ERROR:google_apis\gcm\engine\registration_request.cc:291] Registration response error message: DEPRECATED_ENDPOINT
[46260:39792:0508/223042.619:WARNING:CONSOLE:4] "No handler registered for issue code PerformanceIssue", source: devtools://devtools/bundled/models/issues_manager/issues_manager.js (4)
[46260:39792:0508/223043.002:WARNING:CONSOLE:4] "No handler registered for issue code PerformanceIssue", source: devtools://devtools/bundled/models/issues_manager/issues_manager.js (4)
[46260:39792:0508/223332.617:WARNING:CONSOLE:4] "No handler registered for issue code PerformanceIssue", source: devtools://devtools/bundled/models/issues_manager/issues_manager.js (4)
[46260:39792:0508/223332.994:WARNING:CONSOLE:4] "No handler registered for issue code PerformanceIssue", source: devtools://devtools/bundled/models/issues_manager/issues_manager.js (4)
[46260:39792:0508/223622.611:WARNING:CONSOLE:4] "No handler registered for issue code PerformanceIssue", source: devtools://devtools/bundled/models/issues_manager/issues_manager.js (4)
[46260:39792:0508/223622.999:WARNING:CONSOLE:4] "No handler registered for issue code PerformanceIssue", source: devtools://devtools/bundled/models/issues_manager/issues_manager.js (4)
[46260:39792:0508/223912.623:WARNING:CONSOLE:4] "No handler registered for issue code PerformanceIssue", source: devtools://devtools/bundled/models/issues_manager/issues_manager.js (4)
[46260:39792:0508/223912.999:WARNING:CONSOLE:4] "No handler registered for issue code PerformanceIssue", source: devtools://devtools/bundled/models/issues_manager/issues_manager.js (4)
[46260:39792:0508/224202.623:WARNING:CONSOLE:4] "No handler registered for issue code PerformanceIssue", source: devtools://devtools/bundled/models/issues_manager/issues_manager.js (4)
[46260:39792:0508/224203.040:WARNING:CONSOLE:4] "No handler registered for issue code PerformanceIssue", source: devtools://devtools/bundled/models/issues_manager/issues_manager.js (4)
[46260:39792:0508/224452.619:WARNING:CONSOLE:4] "No handler registered for issue code PerformanceIssue", source: devtools://devtools/bundled/models/issues_manager/issues_manager.js (4)
[46260:39792:0508/224453.046:WARNING:CONSOLE:4] "No handler registered for issue code PerformanceIssue", source: devtools://devtools/bundled/models/issues_manager/issues_manager.js (4)
[46260:39792:0508/224742.617:WARNING:CONSOLE:4] "No handler registered for issue code PerformanceIssue", source: devtools://devtools/bundled/models/issues_manager/issues_manager.js (4)
[46260:39792:0508/224743.026:WARNING:CONSOLE:4] "No handler registered for issue code PerformanceIssue", source: devtools://devtools/bundled/models/issues_manager/issues_manager.js (4)
[46260:39792:0508/225032.613:WARNING:CONSOLE:4] "No handler registered for issue code PerformanceIssue", source: devtools://devtools/bundled/models/issues_manager/issues_manager.js (4)
[46260:39792:0508/225033.052:WARNING:CONSOLE:4] "No handler registered for issue code PerformanceIssue", source: devtools://devtools/bundled/models/issues_manager/issues_manager.js (4)
[46260:39792:0508/225322.613:WARNING:CONSOLE:4] "No handler registered for issue code PerformanceIssue", source: devtools://devtools/bundled/models/issues_manager/issues_manager.js (4)
[46260:39792:0508/225323.036:WARNING:CONSOLE:4] "No handler registered for issue code PerformanceIssue", source: devtools://devtools/bundled/models/issues_manager/issues_manager.js (4)
[46260:39792:0508/225612.623:WARNING:CONSOLE:4] "No handler registered for issue code PerformanceIssue", source: devtools://devtools/bundled/models/issues_manager/issues_manager.js (4)
[46260:39792:0508/225613.049:WARNING:CONSOLE:4] "No handler registered for issue code PerformanceIssue", source: devtools://devtools/bundled/models/issues_manager/issues_manager.js (4)
[46260:39792:0508/225902.620:WARNING:CONSOLE:4] "No handler registered for issue code PerformanceIssue", source: devtools://devtools/bundled/models/issues_manager/issues_manager.js (4)
[46260:39792:0508/225903.007:WARNING:CONSOLE:4] "No handler registered for issue code PerformanceIssue", source: devtools://devtools/bundled/models/issues_manager/issues_manager.js (4)
[46260:39792:0508/230152.613:WARNING:CONSOLE:4] "No handler registered for issue code PerformanceIssue", source: devtools://devtools/bundled/models/issues_manager/issues_manager.js (4)
[46260:39792:0508/230153.009:WARNING:CONSOLE:4] "No handler registered for issue code PerformanceIssue", source: devtools://devtools/bundled/models/issues_manager/issues_manager.js (4)
[46260:39792:0508/230442.619:WARNING:CONSOLE:4] "No handler registered for issue code PerformanceIssue", source: devtools://devtools/bundled/models/issues_manager/issues_manager.js (4)
[46260:39792:0508/230443.390:WARNING:CONSOLE:4] "No handler registered for issue code PerformanceIssue", source: devtools://devtools/bundled/models/issues_manager/issues_manager.js (4)
[46260:39792:0508/230732.611:WARNING:CONSOLE:4] "No handler registered for issue code PerformanceIssue", source: devtools://devtools/bundled/models/issues_manager/issues_manager.js (4)
[46260:39792:0508/230733.010:WARNING:CONSOLE:4] "No handler registered for issue code PerformanceIssue", source: devtools://devtools/bundled/models/issues_manager/issues_manager.js (4)
[46260:39792:0508/231022.610:WARNING:CONSOLE:4] "No handler registered for issue code PerformanceIssue", source: devtools://devtools/bundled/models/issues_manager/issues_manager.js (4)
[46260:39792:0508/231022.997:WARNING:CONSOLE:4] "No handler registered for issue code PerformanceIssue", source: devtools://devtools/bundled/models/issues_manager/issues_manager.js (4)
[46260:39792:0508/231312.613:WARNING:CONSOLE:4] "No handler registered for issue code PerformanceIssue", source: devtools://devtools/bundled/models/issues_manager/issues_manager.js (4)
[46260:39792:0508/231313.011:WARNING:CONSOLE:4] "No handler registered for issue code PerformanceIssue", source: devtools://devtools/bundled/models/issues_manager/issues_manager.js (4)
[46260:39792:0508/231602.614:WARNING:CONSOLE:4] "No handler registered for issue code PerformanceIssue", source: devtools://devtools/bundled/models/issues_manager/issues_manager.js (4)
[46260:39792:0508/231603.046:WARNING:CONSOLE:4] "No handler registered for issue code PerformanceIssue", source: devtools://devtools/bundled/models/issues_manager/issues_manager.js (4)
[46260:39792:0508/231852.621:WARNING:CONSOLE:4] "No handler registered for issue code PerformanceIssue", source: devtools://devtools/bundled/models/issues_manager/issues_manager.js (4)
[46260:39792:0508/231853.438:WARNING:CONSOLE:4] "No handler registered for issue code PerformanceIssue", source: devtools://devtools/bundled/models/issues_manager/issues_manager.js (4)
[46260:39792:0508/232142.619:WARNING:CONSOLE:4] "No handler registered for issue code PerformanceIssue", source: devtools://devtools/bundled/models/issues_manager/issues_manager.js (4)
[46260:39792:0508/232143.013:WARNING:CONSOLE:4] "No handler registered for issue code PerformanceIssue", source: devtools://devtools/bundled/models/issues_manager/issues_manager.js (4)
[46260:39792:0508/232432.611:WARNING:CONSOLE:4] "No handler registered for issue code PerformanceIssue", source: devtools://devtools/bundled/models/issues_manager/issues_manager.js (4)
[46260:39792:0508/232433.015:WARNING:CONSOLE:4] "No handler registered for issue code PerformanceIssue", source: devtools://devtools/bundled/models/issues_manager/issues_manager.js (4)
[46260:39792:0508/232722.620:WARNING:CONSOLE:4] "No handler registered for issue code PerformanceIssue", source: devtools://devtools/bundled/models/issues_manager/issues_manager.js (4)
[46260:39792:0508/232723.015:WARNING:CONSOLE:4] "No handler registered for issue code PerformanceIssue", source: devtools://devtools/bundled/models/issues_manager/issues_manager.js (4)
[46260:39792:0508/233012.614:WARNING:CONSOLE:4] "No handler registered for issue code PerformanceIssue", source: devtools://devtools/bundled/models/issues_manager/issues_manager.js (4)
[46260:39792:0508/233013.062:WARNING:CONSOLE:4] "No handler registered for issue code PerformanceIssue", source: devtools://devtools/bundled/models/issues_manager/issues_manager.js (4)
[46260:39792:0508/233302.619:WARNING:CONSOLE:4] "No handler registered for issue code PerformanceIssue", source: devtools://devtools/bundled/models/issues_manager/issues_manager.js (4)
[46260:39792:0508/233303.075:WARNING:CONSOLE:4] "No handler registered for issue code PerformanceIssue", source: devtools://devtools/bundled/models/issues_manager/issues_manager.js (4)
[46260:39792:0508/233552.622:WARNING:CONSOLE:4] "No handler registered for issue code PerformanceIssue", source: devtools://devtools/bundled/models/issues_manager/issues_manager.js (4)
[46260:39792:0508/233553.020:WARNING:CONSOLE:4] "No handler registered for issue code PerformanceIssue", source: devtools://devtools/bundled/models/issues_manager/issues_manager.js (4)
[46260:39792:0508/233842.617:WARNING:CONSOLE:4] "No handler registered for issue code PerformanceIssue", source: devtools://devtools/bundled/models/issues_manager/issues_manager.js (4)
[46260:39792:0508/233843.037:WARNING:CONSOLE:4] "No handler registered for issue code PerformanceIssue", source: devtools://devtools/bundled/models/issues_manager/issues_manager.js (4)
[46260:39792:0508/234132.613:WARNING:CONSOLE:4] "No handler registered for issue code PerformanceIssue", source: devtools://devtools/bundled/models/issues_manager/issues_manager.js (4)
[46260:39792:0508/234133.030:WARNING:CONSOLE:4] "No handler registered for issue code PerformanceIssue", source: devtools://devtools/bundled/models/issues_manager/issues_manager.js (4)
[46260:39792:0508/234422.617:WARNING:CONSOLE:4] "No handler registered for issue code PerformanceIssue", source: devtools://devtools/bundled/models/issues_manager/issues_manager.js (4)
[46260:39792:0508/234423.027:WARNING:CONSOLE:4] "No handler registered for issue code PerformanceIssue", source: devtools://devtools/bundled/models/issues_manager/issues_manager.js (4)
[46260:39792:0508/234712.620:WARNING:CONSOLE:4] "No handler registered for issue code PerformanceIssue", source: devtools://devtools/bundled/models/issues_manager/issues_manager.js (4)
[46260:39792:0508/234713.008:WARNING:CONSOLE:4] "No handler registered for issue code PerformanceIssue", source: devtools://devtools/bundled/models/issues_manager/issues_manager.js (4)
[46260:39792:0508/235002.614:WARNING:CONSOLE:4] "No handler registered for issue code PerformanceIssue", source: devtools://devtools/bundled/models/issues_manager/issues_manager.js (4)
[46260:39792:0508/235003.035:WARNING:CONSOLE:4] "No handler registered for issue code PerformanceIssue", source: devtools://devtools/bundled/models/issues_manager/issues_manager.js (4)
[46260:39792:0508/235252.610:WARNING:CONSOLE:4] "No handler registered for issue code PerformanceIssue", source: devtools://devtools/bundled/models/issues_manager/issues_manager.js (4)
[46260:39792:0508/235252.995:WARNING:CONSOLE:4] "No handler registered for issue code PerformanceIssue", source: devtools://devtools/bundled/models/issues_manager/issues_manager.js (4)
[46260:39792:0508/235542.618:WARNING:CONSOLE:4] "No handler registered for issue code PerformanceIssue", source: devtools://devtools/bundled/models/issues_manager/issues_manager.js (4)
[46260:39792:0508/235543.027:WARNING:CONSOLE:4] "No handler registered for issue code PerformanceIssue", source: devtools://devtools/bundled/models/issues_manager/issues_manager.js (4)
[46260:46736:0508/235626.523:VERBOSE1:content\browser\renderer_host\media\media_stream_manager.cc:1513] MSPL::OnSpeedLimitChange({this=0x261400123998}, {new_limit=23})
[46260:46736:0508/235627.528:VERBOSE1:content\browser\renderer_host\media\media_stream_manager.cc:1513] MSPL::OnSpeedLimitChange({this=0x261400123998}, {new_limit=24})
[35028:49520:0508/235633.527:VERBOSE1:net\base\network_delegate.cc:38] NetworkDelegate::NotifyBeforeURLRequest: https://clientservices.googleapis.com/uma/v2
[35028:49520:0508/235633.576:VERBOSE1:net\third_party\quiche\src\quiche\quic\core\tls_handshaker.cc:109] TlsClient: Continuing handshake
[35028:49520:0508/235633.577:VERBOSE1:net\third_party\quiche\src\quiche\quic\core\tls_handshaker.cc:130] TlsClient: SSL_do_handshake returned when entering early data. After retry, rv=-1, SSL_in_early_data=1
[35028:49520:0508/235633.627:VERBOSE1:net\third_party\quiche\src\quiche\quic\core\tls_handshaker.cc:109] TlsClient: Continuing handshake
[35028:49520:0508/235633.627:VERBOSE1:net\third_party\quiche\src\quiche\quic\core\tls_handshaker.cc:109] TlsClient: Continuing handshake
[46260:46736:0508/235636.595:VERBOSE1:content\browser\renderer_host\media\media_stream_manager.cc:1513] MSPL::OnSpeedLimitChange({this=0x261400123998}, {new_limit=25})
[46260:46736:0508/235637.599:VERBOSE1:content\browser\renderer_host\media\media_stream_manager.cc:1513] MSPL::OnSpeedLimitChange({this=0x261400123998}, {new_limit=24})
[46260:46736:0508/235645.659:VERBOSE1:content\browser\renderer_host\media\media_stream_manager.cc:1513] MSPL::OnSpeedLimitChange({this=0x261400123998}, {new_limit=25})
[46260:46736:0508/235646.665:VERBOSE1:content\browser\renderer_host\media\media_stream_manager.cc:1513] MSPL::OnSpeedLimitChange({this=0x261400123998}, {new_limit=24})
[46260:46736:0508/235648.678:VERBOSE1:content\browser\renderer_host\media\media_stream_manager.cc:1513] MSPL::OnSpeedLimitChange({this=0x261400123998}, {new_limit=25})
[46260:46736:0508/235704.783:VERBOSE1:content\browser\renderer_host\media\media_stream_manager.cc:1513] MSPL::OnSpeedLimitChange({this=0x261400123998}, {new_limit=24})
[46260:46736:0508/235705.789:VERBOSE1:content\browser\renderer_host\media\media_stream_manager.cc:1513] MSPL::OnSpeedLimitChange({this=0x261400123998}, {new_limit=25})
[46260:46736:0508/235729.965:VERBOSE1:content\browser\renderer_host\media\media_stream_manager.cc:1513] MSPL::OnSpeedLimitChange({this=0x261400123998}, {new_limit=24})
[46260:46736:0508/235732.992:VERBOSE1:content\browser\renderer_host\media\media_stream_manager.cc:1513] MSPL::OnSpeedLimitChange({this=0x261400123998}, {new_limit=25})
[46260:46736:0508/235740.025:VERBOSE1:content\browser\renderer_host\media\media_stream_manager.cc:1513] MSPL::OnSpeedLimitChange({this=0x261400123998}, {new_limit=26})
[46260:46736:0508/235741.027:VERBOSE1:content\browser\renderer_host\media\media_stream_manager.cc:1513] MSPL::OnSpeedLimitChange({this=0x261400123998}, {new_limit=25})
[46260:46736:0508/235742.037:VERBOSE1:content\browser\renderer_host\media\media_stream_manager.cc:1513] MSPL::OnSpeedLimitChange({this=0x261400123998}, {new_limit=26})
[46260:46736:0508/235746.060:VERBOSE1:content\browser\renderer_host\media\media_stream_manager.cc:1513] MSPL::OnSpeedLimitChange({this=0x261400123998}, {new_limit=25})
[46260:46736:0508/235751.085:VERBOSE1:content\browser\renderer_host\media\media_stream_manager.cc:1513] MSPL::OnSpeedLimitChange({this=0x261400123998}, {new_limit=26})
[46260:46736:0508/235752.095:VERBOSE1:content\browser\renderer_host\media\media_stream_manager.cc:1513] MSPL::OnSpeedLimitChange({this=0x261400123998}, {new_limit=25})
[46260:46736:0508/235809.201:VERBOSE1:content\browser\renderer_host\media\media_stream_manager.cc:1513] MSPL::OnSpeedLimitChange({this=0x261400123998}, {new_limit=26})
[46260:46736:0508/235810.206:VERBOSE1:content\browser\renderer_host\media\media_stream_manager.cc:1513] MSPL::OnSpeedLimitChange({this=0x261400123998}, {new_limit=25})
[46260:46736:0508/235811.211:VERBOSE1:content\browser\renderer_host\media\media_stream_manager.cc:1513] MSPL::OnSpeedLimitChange({this=0x261400123998}, {new_limit=26})
[46260:46736:0508/235819.265:VERBOSE1:content\browser\renderer_host\media\media_stream_manager.cc:1513] MSPL::OnSpeedLimitChange({this=0x261400123998}, {new_limit=25})
[46260:46736:0508/235823.287:VERBOSE1:content\browser\renderer_host\media\media_stream_manager.cc:1513] MSPL::OnSpeedLimitChange({this=0x261400123998}, {new_limit=26})
[46260:46736:0508/235828.328:VERBOSE1:content\browser\renderer_host\media\media_stream_manager.cc:1513] MSPL::OnSpeedLimitChange({this=0x261400123998}, {new_limit=25})
[46260:46736:0508/235829.344:VERBOSE1:content\browser\renderer_host\media\media_stream_manager.cc:1513] MSPL::OnSpeedLimitChange({this=0x261400123998}, {new_limit=26})
[46260:46736:0508/235830.351:VERBOSE1:content\browser\renderer_host\media\media_stream_manager.cc:1513] MSPL::OnSpeedLimitChange({this=0x261400123998}, {new_limit=25})
[46260:46736:0508/235831.355:VERBOSE1:content\browser\renderer_host\media\media_stream_manager.cc:1513] MSPL::OnSpeedLimitChange({this=0x261400123998}, {new_limit=24})
[46260:39792:0508/235832.618:WARNING:CONSOLE:4] "No handler registered for issue code PerformanceIssue", source: devtools://devtools/bundled/models/issues_manager/issues_manager.js (4)
[35028:49520:0508/235832.620:VERBOSE1:net\base\network_delegate.cc:38] NetworkDelegate::NotifyBeforeURLRequest: https://b82544d7a9a9.602bdfaf.eu-west-2.token.awswaf.com/b82544d7a9a9/314b7de4edff/inputs?client=browser
[35028:49520:0508/235832.693:VERBOSE1:net\third_party\quiche\src\quiche\quic\core\tls_handshaker.cc:109] TlsClient: Continuing handshake
[35028:49520:0508/235832.717:VERBOSE1:net\third_party\quiche\src\quiche\quic\core\tls_handshaker.cc:109] TlsClient: Continuing handshake
[35028:49520:0508/235832.717:VERBOSE1:net\third_party\quiche\src\quiche\quic\core\tls_handshaker.cc:109] TlsClient: Continuing handshake
[35028:49520:0508/235832.717:VERBOSE1:net\third_party\quiche\src\quiche\quic\core\tls_handshaker.cc:109] TlsClient: Continuing handshake
[35028:49520:0508/235832.717:VERBOSE1:net\third_party\quiche\src\quiche\quic\core\tls_handshaker.cc:109] TlsClient: Continuing handshake
[35028:49520:0508/235832.717:VERBOSE1:net\third_party\quiche\src\quiche\quic\core\tls_handshaker.cc:109] TlsClient: Continuing handshake
[35028:49520:0508/235832.717:VERBOSE1:net\third_party\quiche\src\quiche\quic\core\tls_handshaker.cc:109] TlsClient: Continuing handshake
[46260:39792:0508/235833.014:WARNING:CONSOLE:4] "No handler registered for issue code PerformanceIssue", source: devtools://devtools/bundled/models/issues_manager/issues_manager.js (4)
[35028:49520:0508/235833.031:VERBOSE1:net\base\network_delegate.cc:38] NetworkDelegate::NotifyBeforeURLRequest: https://b82544d7a9a9.602bdfaf.eu-west-2.token.awswaf.com/b82544d7a9a9/314b7de4edff/mp_verify
[46260:46736:0508/235835.397:VERBOSE1:content\browser\renderer_host\media\media_stream_manager.cc:1513] MSPL::OnSpeedLimitChange({this=0x261400123998}, {new_limit=23})
[46260:46736:0508/235840.428:VERBOSE1:content\browser\renderer_host\media\media_stream_manager.cc:1513] MSPL::OnSpeedLimitChange({this=0x261400123998}, {new_limit=24})
[46260:46736:0508/235844.467:VERBOSE1:content\browser\renderer_host\media\media_stream_manager.cc:1513] MSPL::OnSpeedLimitChange({this=0x261400123998}, {new_limit=25})
[46260:46736:0508/235847.489:VERBOSE1:content\browser\renderer_host\media\media_stream_manager.cc:1513] MSPL::OnSpeedLimitChange({this=0x261400123998}, {new_limit=26})
[46260:46736:0508/235853.533:VERBOSE1:content\browser\renderer_host\media\media_stream_manager.cc:1513] MSPL::OnSpeedLimitChange({this=0x261400123998}, {new_limit=25})
[46260:46736:0508/235858.566:VERBOSE1:content\browser\renderer_host\media\media_stream_manager.cc:1513] MSPL::OnSpeedLimitChange({this=0x261400123998}, {new_limit=24})
[46260:46736:0508/235923.705:VERBOSE1:content\browser\renderer_host\media\media_stream_manager.cc:1513] MSPL::OnSpeedLimitChange({this=0x261400123998}, {new_limit=25})
[46260:46736:0508/235936.782:VERBOSE1:content\browser\renderer_host\media\media_stream_manager.cc:1513] MSPL::OnSpeedLimitChange({this=0x261400123998}, {new_limit=24})
[46260:46736:0508/235945.838:VERBOSE1:content\browser\renderer_host\media\media_stream_manager.cc:1513] MSPL::OnSpeedLimitChange({this=0x261400123998}, {new_limit=25})
[46260:46736:0508/235948.859:VERBOSE1:content\browser\renderer_host\media\media_stream_manager.cc:1513] MSPL::OnSpeedLimitChange({this=0x261400123998}, {new_limit=26})
[46260:46736:0509/000000.952:VERBOSE1:content\browser\renderer_host\media\media_stream_manager.cc:1513] MSPL::OnSpeedLimitChange({this=0x261400123998}, {new_limit=25})
[46260:46736:0509/000001.957:VERBOSE1:content\browser\renderer_host\media\media_stream_manager.cc:1513] MSPL::OnSpeedLimitChange({this=0x261400123998}, {new_limit=24})
[46260:46736:0509/000009.004:VERBOSE1:content\browser\renderer_host\media\media_stream_manager.cc:1513] MSPL::OnSpeedLimitChange({this=0x261400123998}, {new_limit=25})
[46260:46736:0509/000010.019:VERBOSE1:content\browser\renderer_host\media\media_stream_manager.cc:1513] MSPL::OnSpeedLimitChange({this=0x261400123998}, {new_limit=24})
[46260:46736:0509/000011.025:VERBOSE1:content\browser\renderer_host\media\media_stream_manager.cc:1513] MSPL::OnSpeedLimitChange({this=0x261400123998}, {new_limit=25})
[46260:46736:0509/000022.117:VERBOSE1:content\browser\renderer_host\media\media_stream_manager.cc:1513] MSPL::OnSpeedLimitChange({this=0x261400123998}, {new_limit=24})
[46260:46736:0509/000025.130:VERBOSE1:content\browser\renderer_host\media\media_stream_manager.cc:1513] MSPL::OnSpeedLimitChange({this=0x261400123998}, {new_limit=25})
[46260:46736:0509/000027.136:VERBOSE1:content\browser\renderer_host\media\media_stream_manager.cc:1513] MSPL::OnSpeedLimitChange({this=0x261400123998}, {new_limit=24})
[46260:46736:0509/000049.274:VERBOSE1:content\browser\renderer_host\media\media_stream_manager.cc:1513] MSPL::OnSpeedLimitChange({this=0x261400123998}, {new_limit=25})
[46260:46736:0509/000050.287:VERBOSE1:content\browser\renderer_host\media\media_stream_manager.cc:1513] MSPL::OnSpeedLimitChange({this=0x261400123998}, {new_limit=24})
[46260:46736:0509/000051.293:VERBOSE1:content\browser\renderer_host\media\media_stream_manager.cc:1513] MSPL::OnSpeedLimitChange({this=0x261400123998}, {new_limit=25})
[46260:46736:0509/000056.317:VERBOSE1:content\browser\renderer_host\media\media_stream_manager.cc:1513] MSPL::OnSpeedLimitChange({this=0x261400123998}, {new_limit=26})
[46260:39792:0509/000122.618:WARNING:CONSOLE:4] "No handler registered for issue code PerformanceIssue", source: devtools://devtools/bundled/models/issues_manager/issues_manager.js (4)
[35028:49520:0509/000122.620:VERBOSE1:net\base\network_delegate.cc:38] NetworkDelegate::NotifyBeforeURLRequest: https://b82544d7a9a9.602bdfaf.eu-west-2.token.awswaf.com/b82544d7a9a9/314b7de4edff/inputs?client=browser
[35028:49520:0509/000122.698:VERBOSE1:net\third_party\quiche\src\quiche\quic\core\tls_handshaker.cc:109] TlsClient: Continuing handshake
[35028:49520:0509/000122.722:VERBOSE1:net\third_party\quiche\src\quiche\quic\core\tls_handshaker.cc:109] TlsClient: Continuing handshake
[35028:49520:0509/000122.722:VERBOSE1:net\third_party\quiche\src\quiche\quic\core\tls_handshaker.cc:109] TlsClient: Continuing handshake
[35028:49520:0509/000122.722:VERBOSE1:net\third_party\quiche\src\quiche\quic\core\tls_handshaker.cc:109] TlsClient: Continuing handshake
[35028:49520:0509/000122.722:VERBOSE1:net\third_party\quiche\src\quiche\quic\core\tls_handshaker.cc:109] TlsClient: Continuing handshake
[35028:49520:0509/000122.722:VERBOSE1:net\third_party\quiche\src\quiche\quic\core\tls_handshaker.cc:109] TlsClient: Continuing handshake
[35028:49520:0509/000122.722:VERBOSE1:net\third_party\quiche\src\quiche\quic\core\tls_handshaker.cc:109] TlsClient: Continuing handshake
[46260:39792:0509/000123.043:WARNING:CONSOLE:4] "No handler registered for issue code PerformanceIssue", source: devtools://devtools/bundled/models/issues_manager/issues_manager.js (4)
[35028:49520:0509/000123.057:VERBOSE1:net\base\network_delegate.cc:38] NetworkDelegate::NotifyBeforeURLRequest: https://b82544d7a9a9.602bdfaf.eu-west-2.token.awswaf.com/b82544d7a9a9/314b7de4edff/mp_verify
[46260:46736:0509/000125.524:VERBOSE1:content\browser\renderer_host\media\media_stream_manager.cc:1513] MSPL::OnSpeedLimitChange({this=0x261400123998}, {new_limit=27})
[46260:46736:0509/000128.549:VERBOSE1:content\browser\renderer_host\media\media_stream_manager.cc:1513] MSPL::OnSpeedLimitChange({this=0x261400123998}, {new_limit=26})
[46260:46736:0509/000149.714:VERBOSE1:content\browser\renderer_host\media\media_stream_manager.cc:1513] MSPL::OnSpeedLimitChange({this=0x261400123998}, {new_limit=25})
[46260:46736:0509/000150.718:VERBOSE1:content\browser\renderer_host\media\media_stream_manager.cc:1513] MSPL::OnSpeedLimitChange({this=0x261400123998}, {new_limit=26})
[46260:46736:0509/000158.788:VERBOSE1:content\browser\renderer_host\media\media_stream_manager.cc:1513] MSPL::OnSpeedLimitChange({this=0x261400123998}, {new_limit=25})
[46260:46736:0509/000159.796:VERBOSE1:content\browser\renderer_host\media\media_stream_manager.cc:1513] MSPL::OnSpeedLimitChange({this=0x261400123998}, {new_limit=26})
[46260:46736:0509/000200.806:VERBOSE1:content\browser\renderer_host\media\media_stream_manager.cc:1513] MSPL::OnSpeedLimitChange({this=0x261400123998}, {new_limit=25})
[46260:46736:0509/000204.830:VERBOSE1:content\browser\renderer_host\media\media_stream_manager.cc:1513] MSPL::OnSpeedLimitChange({this=0x261400123998}, {new_limit=26})
[46260:46736:0509/000259.216:VERBOSE1:content\browser\renderer_host\media\media_stream_manager.cc:1513] MSPL::OnSpeedLimitChange({this=0x261400123998}, {new_limit=25})
[46260:46736:0509/000300.224:VERBOSE1:content\browser\renderer_host\media\media_stream_manager.cc:1513] MSPL::OnSpeedLimitChange({this=0x261400123998}, {new_limit=26})
[46260:46736:0509/000302.241:VERBOSE1:content\browser\renderer_host\media\media_stream_manager.cc:1513] MSPL::OnSpeedLimitChange({this=0x261400123998}, {new_limit=25})
[46260:46736:0509/000303.249:VERBOSE1:content\browser\renderer_host\media\media_stream_manager.cc:1513] MSPL::OnSpeedLimitChange({this=0x261400123998}, {new_limit=26})
[46260:46736:0509/000312.320:VERBOSE1:content\browser\renderer_host\media\media_stream_manager.cc:1513] MSPL::OnSpeedLimitChange({this=0x261400123998}, {new_limit=27})
[46260:46736:0509/000313.322:VERBOSE1:content\browser\renderer_host\media\media_stream_manager.cc:1513] MSPL::OnSpeedLimitChange({this=0x261400123998}, {new_limit=26})
[46260:46736:0509/000341.534:VERBOSE1:content\browser\renderer_host\media\media_stream_manager.cc:1513] MSPL::OnSpeedLimitChange({this=0x261400123998}, {new_limit=27})
[46260:46736:0509/000346.571:VERBOSE1:content\browser\renderer_host\media\media_stream_manager.cc:1513] MSPL::OnSpeedLimitChange({this=0x261400123998}, {new_limit=26})
[46260:46736:0509/000347.581:VERBOSE1:content\browser\renderer_host\media\media_stream_manager.cc:1513] MSPL::OnSpeedLimitChange({this=0x261400123998}, {new_limit=27})
[46260:46736:0509/000354.630:VERBOSE1:content\browser\renderer_host\media\media_stream_manager.cc:1513] MSPL::OnSpeedLimitChange({this=0x261400123998}, {new_limit=26})
[46260:46736:0509/000404.699:VERBOSE1:content\browser\renderer_host\media\media_stream_manager.cc:1513] MSPL::OnSpeedLimitChange({this=0x261400123998}, {new_limit=25})
[46260:46736:0509/000405.708:VERBOSE1:content\browser\renderer_host\media\media_stream_manager.cc:1513] MSPL::OnSpeedLimitChange({this=0x261400123998}, {new_limit=26})
[46260:46736:0509/000407.718:VERBOSE1:content\browser\renderer_host\media\media_stream_manager.cc:1513] MSPL::OnSpeedLimitChange({this=0x261400123998}, {new_limit=25})
[46260:46736:0509/000409.742:VERBOSE1:content\browser\renderer_host\media\media_stream_manager.cc:1513] MSPL::OnSpeedLimitChange({this=0x261400123998}, {new_limit=26})
[46260:39792:0509/000412.618:WARNING:CONSOLE:4] "No handler registered for issue code PerformanceIssue", source: devtools://devtools/bundled/models/issues_manager/issues_manager.js (4)
[35028:49520:0509/000412.621:VERBOSE1:net\base\network_delegate.cc:38] NetworkDelegate::NotifyBeforeURLRequest: https://b82544d7a9a9.602bdfaf.eu-west-2.token.awswaf.com/b82544d7a9a9/314b7de4edff/inputs?client=browser
[35028:49520:0509/000412.696:VERBOSE1:net\third_party\quiche\src\quiche\quic\core\tls_handshaker.cc:109] TlsClient: Continuing handshake
[35028:49520:0509/000412.717:VERBOSE1:net\third_party\quiche\src\quiche\quic\core\tls_handshaker.cc:109] TlsClient: Continuing handshake
[35028:49520:0509/000412.718:VERBOSE1:net\third_party\quiche\src\quiche\quic\core\tls_handshaker.cc:109] TlsClient: Continuing handshake
[35028:49520:0509/000412.718:VERBOSE1:net\third_party\quiche\src\quiche\quic\core\tls_handshaker.cc:109] TlsClient: Continuing handshake
[35028:49520:0509/000412.718:VERBOSE1:net\third_party\quiche\src\quiche\quic\core\tls_handshaker.cc:109] TlsClient: Continuing handshake
[35028:49520:0509/000412.718:VERBOSE1:net\third_party\quiche\src\quiche\quic\core\tls_handshaker.cc:109] TlsClient: Continuing handshake
[35028:49520:0509/000412.718:VERBOSE1:net\third_party\quiche\src\quiche\quic\core\tls_handshaker.cc:109] TlsClient: Continuing handshake
[46260:39792:0509/000413.007:WARNING:CONSOLE:4] "No handler registered for issue code PerformanceIssue", source: devtools://devtools/bundled/models/issues_manager/issues_manager.js (4)
[35028:49520:0509/000413.016:VERBOSE1:net\base\network_delegate.cc:38] NetworkDelegate::NotifyBeforeURLRequest: https://b82544d7a9a9.602bdfaf.eu-west-2.token.awswaf.com/b82544d7a9a9/314b7de4edff/mp_verify
[46260:46736:0509/000419.818:VERBOSE1:content\browser\renderer_host\media\media_stream_manager.cc:1513] MSPL::OnSpeedLimitChange({this=0x261400123998}, {new_limit=27})
[46260:46736:0509/000428.874:VERBOSE1:content\browser\renderer_host\media\media_stream_manager.cc:1513] MSPL::OnSpeedLimitChange({this=0x261400123998}, {new_limit=26})
[46260:46736:0509/000441.983:VERBOSE1:content\browser\renderer_host\media\media_stream_manager.cc:1513] MSPL::OnSpeedLimitChange({this=0x261400123998}, {new_limit=25})
[46260:46736:0509/000446.004:VERBOSE1:content\browser\renderer_host\media\media_stream_manager.cc:1513] MSPL::OnSpeedLimitChange({this=0x261400123998}, {new_limit=26})
[46260:46736:0509/000449.032:VERBOSE1:content\browser\renderer_host\media\media_stream_manager.cc:1513] MSPL::OnSpeedLimitChange({this=0x261400123998}, {new_limit=25})
[46260:46736:0509/000450.038:VERBOSE1:content\browser\renderer_host\media\media_stream_manager.cc:1513] MSPL::OnSpeedLimitChange({this=0x261400123998}, {new_limit=26})
[46260:46736:0509/000451.043:VERBOSE1:content\browser\renderer_host\media\media_stream_manager.cc:1513] MSPL::OnSpeedLimitChange({this=0x261400123998}, {new_limit=25})
[46260:46736:0509/000501.128:VERBOSE1:content\browser\renderer_host\media\media_stream_manager.cc:1513] MSPL::OnSpeedLimitChange({this=0x261400123998}, {new_limit=26})
[46260:46736:0509/000508.173:VERBOSE1:content\browser\renderer_host\media\media_stream_manager.cc:1513] MSPL::OnSpeedLimitChange({this=0x261400123998}, {new_limit=25})
[46260:46736:0509/000536.395:VERBOSE1:content\browser\renderer_host\media\media_stream_manager.cc:1513] MSPL::OnSpeedLimitChange({this=0x261400123998}, {new_limit=26})
[46260:46736:0509/000539.418:VERBOSE1:content\browser\renderer_host\media\media_stream_manager.cc:1513] MSPL::OnSpeedLimitChange({this=0x261400123998}, {new_limit=25})
[46260:46736:0509/000540.422:VERBOSE1:content\browser\renderer_host\media\media_stream_manager.cc:1513] MSPL::OnSpeedLimitChange({this=0x261400123998}, {new_limit=26})
[46260:46736:0509/000544.447:VERBOSE1:content\browser\renderer_host\media\media_stream_manager.cc:1513] MSPL::OnSpeedLimitChange({this=0x261400123998}, {new_limit=25})
[46260:46736:0509/000545.455:VERBOSE1:content\browser\renderer_host\media\media_stream_manager.cc:1513] MSPL::OnSpeedLimitChange({this=0x261400123998}, {new_limit=26})
[46260:46736:0509/000546.464:VERBOSE1:content\browser\renderer_host\media\media_stream_manager.cc:1513] MSPL::OnSpeedLimitChange({this=0x261400123998}, {new_limit=25})
[46260:46736:0509/000600.575:VERBOSE1:content\browser\renderer_host\media\media_stream_manager.cc:1513] MSPL::OnSpeedLimitChange({this=0x261400123998}, {new_limit=26})
[46260:46736:0509/000608.617:VERBOSE1:content\browser\renderer_host\media\media_stream_manager.cc:1513] MSPL::OnSpeedLimitChange({this=0x261400123998}, {new_limit=25})
[46260:46736:0509/000612.642:VERBOSE1:content\browser\renderer_host\media\media_stream_manager.cc:1513] MSPL::OnSpeedLimitChange({this=0x261400123998}, {new_limit=24})
[46260:46736:0509/000617.667:VERBOSE1:content\browser\renderer_host\media\media_stream_manager.cc:1513] MSPL::OnSpeedLimitChange({this=0x261400123998}, {new_limit=23})
[46260:46736:0509/000622.697:VERBOSE1:content\browser\renderer_host\media\media_stream_manager.cc:1513] MSPL::OnSpeedLimitChange({this=0x261400123998}, {new_limit=24})
[46260:46736:0509/000625.722:VERBOSE1:content\browser\renderer_host\media\media_stream_manager.cc:1513] MSPL::OnSpeedLimitChange({this=0x261400123998}, {new_limit=25})
[46260:46736:0509/000628.736:VERBOSE1:content\browser\renderer_host\media\media_stream_manager.cc:1513] MSPL::OnSpeedLimitChange({this=0x261400123998}, {new_limit=26})
[35028:49520:0509/000633.553:VERBOSE1:net\base\network_delegate.cc:38] NetworkDelegate::NotifyBeforeURLRequest: https://clientservices.googleapis.com/uma/v2
[35028:49520:0509/000633.601:VERBOSE1:net\third_party\quiche\src\quiche\quic\core\tls_handshaker.cc:109] TlsClient: Continuing handshake
[35028:49520:0509/000633.601:VERBOSE1:net\third_party\quiche\src\quiche\quic\core\tls_handshaker.cc:130] TlsClient: SSL_do_handshake returned when entering early data. After retry, rv=-1, SSL_in_early_data=1
[35028:49520:0509/000633.661:VERBOSE1:net\third_party\quiche\src\quiche\quic\core\tls_handshaker.cc:109] TlsClient: Continuing handshake
[35028:49520:0509/000633.663:VERBOSE1:net\third_party\quiche\src\quiche\quic\core\tls_handshaker.cc:109] TlsClient: Continuing handshake
[46260:46736:0509/000637.789:VERBOSE1:content\browser\renderer_host\media\media_stream_manager.cc:1513] MSPL::OnSpeedLimitChange({this=0x261400123998}, {new_limit=25})
[46260:46736:0509/000638.795:VERBOSE1:content\browser\renderer_host\media\media_stream_manager.cc:1513] MSPL::OnSpeedLimitChange({this=0x261400123998}, {new_limit=26})
[46260:46736:0509/000639.799:VERBOSE1:content\browser\renderer_host\media\media_stream_manager.cc:1513] MSPL::OnSpeedLimitChange({this=0x261400123998}, {new_limit=25})
[46260:46736:0509/000640.801:VERBOSE1:content\browser\renderer_host\media\media_stream_manager.cc:1513] MSPL::OnSpeedLimitChange({this=0x261400123998}, {new_limit=26})
[46260:39792:0509/000702.617:WARNING:CONSOLE:4] "No handler registered for issue code PerformanceIssue", source: devtools://devtools/bundled/models/issues_manager/issues_manager.js (4)
[35028:49520:0509/000702.617:VERBOSE1:net\base\network_delegate.cc:38] NetworkDelegate::NotifyBeforeURLRequest: https://b82544d7a9a9.602bdfaf.eu-west-2.token.awswaf.com/b82544d7a9a9/314b7de4edff/inputs?client=browser
[35028:49520:0509/000702.773:VERBOSE1:net\third_party\quiche\src\quiche\quic\core\tls_handshaker.cc:109] TlsClient: Continuing handshake
[35028:49520:0509/000702.799:VERBOSE1:net\third_party\quiche\src\quiche\quic\core\tls_handshaker.cc:109] TlsClient: Continuing handshake
[35028:49520:0509/000702.799:VERBOSE1:net\third_party\quiche\src\quiche\quic\core\tls_handshaker.cc:109] TlsClient: Continuing handshake
[35028:49520:0509/000702.799:VERBOSE1:net\third_party\quiche\src\quiche\quic\core\tls_handshaker.cc:109] TlsClient: Continuing handshake
[35028:49520:0509/000702.799:VERBOSE1:net\third_party\quiche\src\quiche\quic\core\tls_handshaker.cc:109] TlsClient: Continuing handshake
[35028:49520:0509/000702.799:VERBOSE1:net\third_party\quiche\src\quiche\quic\core\tls_handshaker.cc:109] TlsClient: Continuing handshake
[35028:49520:0509/000702.799:VERBOSE1:net\third_party\quiche\src\quiche\quic\core\tls_handshaker.cc:109] TlsClient: Continuing handshake
[46260:39792:0509/000703.126:WARNING:CONSOLE:4] "No handler registered for issue code PerformanceIssue", source: devtools://devtools/bundled/models/issues_manager/issues_manager.js (4)
[35028:49520:0509/000703.138:VERBOSE1:net\base\network_delegate.cc:38] NetworkDelegate::NotifyBeforeURLRequest: https://b82544d7a9a9.602bdfaf.eu-west-2.token.awswaf.com/b82544d7a9a9/314b7de4edff/mp_verify
[46260:46736:0509/000707.772:VERBOSE1:content\browser\renderer_host\media\media_stream_manager.cc:1513] MSPL::OnSuspend([this=0x261400123998])
[46260:46736:0509/000707.775:ERROR:google_apis\gcm\engine\connection_factory_impl.cc:483] ConnectionHandler failed with net error: -2
[46260:46736:0509/000708.895:VERBOSE1:content\browser\renderer_host\media\media_stream_manager.cc:1513] MSPL::OnResume([this=0x261400123998])
[35028:49520:0509/000708.927:VERBOSE1:net\base\network_delegate.cc:38] NetworkDelegate::NotifyBeforeURLRequest: wss://ws-ap2.pusher.com/app/4960e830b61d7dffca2e?protocol=7&client=js&version=7.0.3&flash=false
[35028:49520:0509/000708.930:VERBOSE1:net\base\network_delegate.cc:38] NetworkDelegate::NotifyBeforeURLRequest: wss://ws-ap2.pusher.com/app/4960e830b61d7dffca2e?protocol=7&client=js&version=7.0.3&flash=false
[35028:49520:0509/000709.240:VERBOSE1:net\base\network_delegate.cc:38] NetworkDelegate::NotifyBeforeURLRequest: https://playkaro365.com/broadcasting/auth
[46260:46736:0509/000709.897:VERBOSE1:content\browser\renderer_host\media\media_stream_manager.cc:1513] MSPL::OnSpeedLimitChange({this=0x261400123998}, {new_limit=24})
[46260:46736:0509/000710.904:VERBOSE1:content\browser\renderer_host\media\media_stream_manager.cc:1513] MSPL::OnSpeedLimitChange({this=0x261400123998}, {new_limit=23})
[35028:49520:0509/000711.833:VERBOSE1:net\base\network_delegate.cc:38] NetworkDelegate::NotifyBeforeURLRequest: wss://nexus-websocket-a.intercom.io/pubsub/5-t1gPez4weUlfVV23jYXlgaHvqjCGI058HYp-U5lElDNRMzfA66XKEnyy-rxVkzKdFymg2mgZVn08RLlPFPDEPeCS5fcj1PEoC3CS?X-Nexus-New-Client=true&X-Nexus-Version=0.18.8&user_role=user
[46260:46736:0509/000718.949:VERBOSE1:content\browser\renderer_host\media\media_stream_manager.cc:1513] MSPL::OnSpeedLimitChange({this=0x261400123998}, {new_limit=24})
[46260:46736:0509/000719.954:VERBOSE1:content\browser\renderer_host\media\media_stream_manager.cc:1513] MSPL::OnSpeedLimitChange({this=0x261400123998}, {new_limit=25})
[46260:46736:0509/000720.960:VERBOSE1:content\browser\renderer_host\media\media_stream_manager.cc:1513] MSPL::OnSpeedLimitChange({this=0x261400123998}, {new_limit=26})
[46260:46736:0509/000730.024:VERBOSE1:content\browser\renderer_host\media\media_stream_manager.cc:1513] MSPL::OnSpeedLimitChange({this=0x261400123998}, {new_limit=27})
[46260:46736:0509/000732.036:VERBOSE1:content\browser\renderer_host\media\media_stream_manager.cc:1513] MSPL::OnSpeedLimitChange({this=0x261400123998}, {new_limit=26})
[46260:46736:0509/000753.177:VERBOSE1:content\browser\renderer_host\media\media_stream_manager.cc:1513] MSPL::OnSpeedLimitChange({this=0x261400123998}, {new_limit=27})
[46260:46736:0509/000801.242:VERBOSE1:content\browser\renderer_host\media\media_stream_manager.cc:1513] MSPL::OnSpeedLimitChange({this=0x261400123998}, {new_limit=26})
[46260:46736:0509/000839.538:VERBOSE1:content\browser\renderer_host\media\media_stream_manager.cc:1513] MSPL::OnSpeedLimitChange({this=0x261400123998}, {new_limit=25})
[46260:46736:0509/000843.553:VERBOSE1:content\browser\renderer_host\media\media_stream_manager.cc:1513] MSPL::OnSpeedLimitChange({this=0x261400123998}, {new_limit=26})
[46260:46736:0509/000900.669:VERBOSE1:content\browser\renderer_host\media\media_stream_manager.cc:1513] MSPL::OnSpeedLimitChange({this=0x261400123998}, {new_limit=27})
[46260:46736:0509/000903.689:VERBOSE1:content\browser\renderer_host\media\media_stream_manager.cc:1513] MSPL::OnSpeedLimitChange({this=0x261400123998}, {new_limit=26})
[46260:46736:0509/000920.799:VERBOSE1:content\browser\renderer_host\media\media_stream_manager.cc:1513] MSPL::OnSpeedLimitChange({this=0x261400123998}, {new_limit=27})
[46260:46736:0509/000929.873:VERBOSE1:content\browser\renderer_host\media\media_stream_manager.cc:1513] MSPL::OnSpeedLimitChange({this=0x261400123998}, {new_limit=26})
[46260:39792:0509/000952.617:WARNING:CONSOLE:4] "No handler registered for issue code PerformanceIssue", source: devtools://devtools/bundled/models/issues_manager/issues_manager.js (4)
[35028:49520:0509/000952.618:VERBOSE1:net\base\network_delegate.cc:38] NetworkDelegate::NotifyBeforeURLRequest: https://b82544d7a9a9.602bdfaf.eu-west-2.token.awswaf.com/b82544d7a9a9/314b7de4edff/inputs?client=browser
[35028:49520:0509/000952.693:VERBOSE1:net\third_party\quiche\src\quiche\quic\core\tls_handshaker.cc:109] TlsClient: Continuing handshake
[35028:49520:0509/000952.714:VERBOSE1:net\third_party\quiche\src\quiche\quic\core\tls_handshaker.cc:109] TlsClient: Continuing handshake
[35028:49520:0509/000952.714:VERBOSE1:net\third_party\quiche\src\quiche\quic\core\tls_handshaker.cc:109] TlsClient: Continuing handshake
[35028:49520:0509/000952.714:VERBOSE1:net\third_party\quiche\src\quiche\quic\core\tls_handshaker.cc:109] TlsClient: Continuing handshake
[35028:49520:0509/000952.714:VERBOSE1:net\third_party\quiche\src\quiche\quic\core\tls_handshaker.cc:109] TlsClient: Continuing handshake
[35028:49520:0509/000952.715:VERBOSE1:net\third_party\quiche\src\quiche\quic\core\tls_handshaker.cc:109] TlsClient: Continuing handshake
[35028:49520:0509/000952.715:VERBOSE1:net\third_party\quiche\src\quiche\quic\core\tls_handshaker.cc:109] TlsClient: Continuing handshake
[46260:39792:0509/000953.011:WARNING:CONSOLE:4] "No handler registered for issue code PerformanceIssue", source: devtools://devtools/bundled/models/issues_manager/issues_manager.js (4)
[35028:49520:0509/000953.022:VERBOSE1:net\base\network_delegate.cc:38] NetworkDelegate::NotifyBeforeURLRequest: https://b82544d7a9a9.602bdfaf.eu-west-2.token.awswaf.com/b82544d7a9a9/314b7de4edff/mp_verify
[46260:46736:0509/000955.039:VERBOSE1:content\browser\renderer_host\media\media_stream_manager.cc:1513] MSPL::OnSpeedLimitChange({this=0x261400123998}, {new_limit=27})
[46260:46736:0509/001003.101:VERBOSE1:content\browser\renderer_host\media\media_stream_manager.cc:1513] MSPL::OnSpeedLimitChange({this=0x261400123998}, {new_limit=26})
[46260:46736:0509/001022.231:VERBOSE1:content\browser\renderer_host\media\media_stream_manager.cc:1513] MSPL::OnSpeedLimitChange({this=0x261400123998}, {new_limit=27})
[46260:46736:0509/001034.333:VERBOSE1:content\browser\renderer_host\media\media_stream_manager.cc:1513] MSPL::OnSpeedLimitChange({this=0x261400123998}, {new_limit=26})
[46260:46736:0509/001103.575:VERBOSE1:content\browser\renderer_host\media\media_stream_manager.cc:1513] MSPL::OnSpeedLimitChange({this=0x261400123998}, {new_limit=27})
[46260:46736:0509/001110.636:VERBOSE1:content\browser\renderer_host\media\media_stream_manager.cc:1513] MSPL::OnSpeedLimitChange({this=0x261400123998}, {new_limit=26})
[46260:46736:0509/001114.666:VERBOSE1:content\browser\renderer_host\media\media_stream_manager.cc:1513] MSPL::OnSpeedLimitChange({this=0x261400123998}, {new_limit=27})
[46260:46736:0509/001115.672:VERBOSE1:content\browser\renderer_host\media\media_stream_manager.cc:1513] MSPL::OnSpeedLimitChange({this=0x261400123998}, {new_limit=26})
[46260:46736:0509/001119.699:VERBOSE1:content\browser\renderer_host\media\media_stream_manager.cc:1513] MSPL::OnSpeedLimitChange({this=0x261400123998}, {new_limit=27})
[46260:46736:0509/001120.704:VERBOSE1:content\browser\renderer_host\media\media_stream_manager.cc:1513] MSPL::OnSpeedLimitChange({this=0x261400123998}, {new_limit=26})
[46260:46736:0509/001129.764:VERBOSE1:content\browser\renderer_host\media\media_stream_manager.cc:1513] MSPL::OnSpeedLimitChange({this=0x261400123998}, {new_limit=24})
[46260:46736:0509/001131.771:VERBOSE1:content\browser\renderer_host\media\media_stream_manager.cc:1513] MSPL::OnSpeedLimitChange({this=0x261400123998}, {new_limit=23})
[46260:46736:0509/001133.784:VERBOSE1:content\browser\renderer_host\media\media_stream_manager.cc:1513] MSPL::OnSpeedLimitChange({this=0x261400123998}, {new_limit=22})
[46260:46736:0509/001135.807:VERBOSE1:content\browser\renderer_host\media\media_stream_manager.cc:1513] MSPL::OnSpeedLimitChange({this=0x261400123998}, {new_limit=21})
[46260:46736:0509/001139.825:VERBOSE1:content\browser\renderer_host\media\media_stream_manager.cc:1513] MSPL::OnSpeedLimitChange({this=0x261400123998}, {new_limit=23})
[46260:46736:0509/001141.842:VERBOSE1:content\browser\renderer_host\media\media_stream_manager.cc:1513] MSPL::OnSpeedLimitChange({this=0x261400123998}, {new_limit=24})
[46260:46736:0509/001144.865:VERBOSE1:content\browser\renderer_host\media\media_stream_manager.cc:1513] MSPL::OnSpeedLimitChange({this=0x261400123998}, {new_limit=25})
[46260:46736:0509/001150.899:VERBOSE1:content\browser\renderer_host\media\media_stream_manager.cc:1513] MSPL::OnSpeedLimitChange({this=0x261400123998}, {new_limit=26})
[46260:39792:0509/001242.619:WARNING:CONSOLE:4] "No handler registered for issue code PerformanceIssue", source: devtools://devtools/bundled/models/issues_manager/issues_manager.js (4)
[35028:49520:0509/001242.621:VERBOSE1:net\base\network_delegate.cc:38] NetworkDelegate::NotifyBeforeURLRequest: https://b82544d7a9a9.602bdfaf.eu-west-2.token.awswaf.com/b82544d7a9a9/314b7de4edff/inputs?client=browser
[35028:49520:0509/001242.712:VERBOSE1:net\third_party\quiche\src\quiche\quic\core\tls_handshaker.cc:109] TlsClient: Continuing handshake
[35028:49520:0509/001242.737:VERBOSE1:net\third_party\quiche\src\quiche\quic\core\tls_handshaker.cc:109] TlsClient: Continuing handshake
[35028:49520:0509/001242.737:VERBOSE1:net\third_party\quiche\src\quiche\quic\core\tls_handshaker.cc:109] TlsClient: Continuing handshake
[35028:49520:0509/001242.737:VERBOSE1:net\third_party\quiche\src\quiche\quic\core\tls_handshaker.cc:109] TlsClient: Continuing handshake
[35028:49520:0509/001242.737:VERBOSE1:net\third_party\quiche\src\quiche\quic\core\tls_handshaker.cc:109] TlsClient: Continuing handshake
[35028:49520:0509/001242.737:VERBOSE1:net\third_party\quiche\src\quiche\quic\core\tls_handshaker.cc:109] TlsClient: Continuing handshake
[35028:49520:0509/001242.737:VERBOSE1:net\third_party\quiche\src\quiche\quic\core\tls_handshaker.cc:109] TlsClient: Continuing handshake
[46260:39792:0509/001243.038:WARNING:CONSOLE:4] "No handler registered for issue code PerformanceIssue", source: devtools://devtools/bundled/models/issues_manager/issues_manager.js (4)
[35028:49520:0509/001243.052:VERBOSE1:net\base\network_delegate.cc:38] NetworkDelegate::NotifyBeforeURLRequest: https://b82544d7a9a9.602bdfaf.eu-west-2.token.awswaf.com/b82544d7a9a9/314b7de4edff/mp_verify
[46260:46736:0509/001250.286:VERBOSE1:content\browser\renderer_host\media\media_stream_manager.cc:1513] MSPL::OnSpeedLimitChange({this=0x261400123998}, {new_limit=25})
[46260:46736:0509/001254.308:VERBOSE1:content\browser\renderer_host\media\media_stream_manager.cc:1513] MSPL::OnSpeedLimitChange({this=0x261400123998}, {new_limit=26})
[46260:46736:0509/001255.315:VERBOSE1:content\browser\renderer_host\media\media_stream_manager.cc:1513] MSPL::OnSpeedLimitChange({this=0x261400123998}, {new_limit=25})
[46260:46736:0509/001257.327:VERBOSE1:content\browser\renderer_host\media\media_stream_manager.cc:1513] MSPL::OnSpeedLimitChange({this=0x261400123998}, {new_limit=26})
[46260:46736:0509/001300.344:VERBOSE1:content\browser\renderer_host\media\media_stream_manager.cc:1513] MSPL::OnSpeedLimitChange({this=0x261400123998}, {new_limit=27})
[46260:46736:0509/001303.357:VERBOSE1:content\browser\renderer_host\media\media_stream_manager.cc:1513] MSPL::OnSpeedLimitChange({this=0x261400123998}, {new_limit=26})
[46260:46736:0509/001306.369:VERBOSE1:content\browser\renderer_host\media\media_stream_manager.cc:1513] MSPL::OnSpeedLimitChange({this=0x261400123998}, {new_limit=27})
[46260:46736:0509/001308.380:VERBOSE1:content\browser\renderer_host\media\media_stream_manager.cc:1513] MSPL::OnSpeedLimitChange({this=0x261400123998}, {new_limit=26})
[46260:46736:0509/001317.442:VERBOSE1:content\browser\renderer_host\media\media_stream_manager.cc:1513] MSPL::OnSpeedLimitChange({this=0x261400123998}, {new_limit=25})
[46260:46736:0509/001318.453:VERBOSE1:content\browser\renderer_host\media\media_stream_manager.cc:1513] MSPL::OnSpeedLimitChange({this=0x261400123998}, {new_limit=26})
[46260:46736:0509/001338.595:VERBOSE1:content\browser\renderer_host\media\media_stream_manager.cc:1513] MSPL::OnSpeedLimitChange({this=0x261400123998}, {new_limit=27})
[46260:46736:0509/001342.618:VERBOSE1:content\browser\renderer_host\media\media_stream_manager.cc:1513] MSPL::OnSpeedLimitChange({this=0x261400123998}, {new_limit=26})
[46260:46736:0509/001343.630:VERBOSE1:content\browser\renderer_host\media\media_stream_manager.cc:1513] MSPL::OnSpeedLimitChange({this=0x261400123998}, {new_limit=27})
[46260:46736:0509/001344.646:VERBOSE1:content\browser\renderer_host\media\media_stream_manager.cc:1513] MSPL::OnSpeedLimitChange({this=0x261400123998}, {new_limit=26})
[46260:46736:0509/001404.805:VERBOSE1:content\browser\renderer_host\media\media_stream_manager.cc:1513] MSPL::OnSpeedLimitChange({this=0x261400123998}, {new_limit=27})
[46260:46736:0509/001412.861:VERBOSE1:content\browser\renderer_host\media\media_stream_manager.cc:1513] MSPL::OnSpeedLimitChange({this=0x261400123998}, {new_limit=26})
[46260:46736:0509/001513.322:VERBOSE1:content\browser\renderer_host\media\media_stream_manager.cc:1513] MSPL::OnSpeedLimitChange({this=0x261400123998}, {new_limit=25})
[46260:46736:0509/001515.334:VERBOSE1:content\browser\renderer_host\media\media_stream_manager.cc:1513] MSPL::OnSpeedLimitChange({this=0x261400123998}, {new_limit=26})
[46260:46736:0509/001521.375:VERBOSE1:content\browser\renderer_host\media\media_stream_manager.cc:1513] MSPL::OnSpeedLimitChange({this=0x261400123998}, {new_limit=25})
[46260:46736:0509/001526.530:VERBOSE1:content\browser\renderer_host\media\media_stream_manager.cc:1513] MSPL::OnSpeedLimitChange({this=0x261400123998}, {new_limit=24})
[46260:46736:0509/001528.545:VERBOSE1:content\browser\renderer_host\media\media_stream_manager.cc:1513] MSPL::OnSpeedLimitChange({this=0x261400123998}, {new_limit=25})
[46260:46736:0509/001529.554:VERBOSE1:content\browser\renderer_host\media\media_stream_manager.cc:1513] MSPL::OnSpeedLimitChange({this=0x261400123998}, {new_limit=23})
